// Jest Snapshot v1, https://goo.gl/fbAQLP

exports[`Test for Header Component Should render correctly 1`] = `
<header
  className="main-header "
>
  <div
    className="d-flex space-between"
  >
    <button
      className=""
      id="menu"
      onClick={[Function]}
    >
      <div
        className="bar1"
      />
      <div
        className="bar2"
      />
      <div
        className="bar3"
      />
    </button>
    <Link
      to="/"
    >
      <img
        alt="SendIT-logo"
        className="logo"
        src="images/logo.png"
      />
    </Link>
  </div>
  <div
    className=""
    id="list"
  >
    <Link
      to="#about"
    >
      About
    </Link>
    <Link
      to="#contact"
    >
      Contact
    </Link>
    <Link
      className="purple-btn"
      to="#login"
    >
      Login / Register
    </Link>
  </div>
</header>
`;
